src/app/api/create-presale/route.ts(50,15): error TS2345: Argument of type 'any' is not assignable to parameter of type 'never'.
src/app/api/create-presale/route.ts(68,45): error TS2769: No overload matches this call.
  Overload 1 of 2, '(values: never, options?: { count?: "exact" | "planned" | "estimated" | undefined; } | undefined): PostgrestFilterBuilder<{ PostgrestVersion: "12"; }, never, never, null, "presale_timeline", never, "POST">', gave the following error.
    Argument of type '{ presale_id: any; event_type: string; description: string; transaction_hash: any; created_at: string; }' is not assignable to parameter of type 'never'.
  Overload 2 of 2, '(values: never[], options?: { count?: "exact" | "planned" | "estimated" | undefined; defaultToNull?: boolean | undefined; } | undefined): PostgrestFilterBuilder<{ PostgrestVersion: "12"; }, never, never, null, "presale_timeline", never, "POST">', gave the following error.
    Object literal may only specify known properties, and 'presale_id' does not exist in type 'never[]'.
src/app/api/create-presale/route.ts(84,35): error TS2339: Property 'creator_address' does not exist on type 'never'.
src/app/api/create-presale/route.ts(94,42): error TS2769: No overload matches this call.
  Overload 1 of 2, '(values: never, options?: { onConflict?: string | undefined; ignoreDuplicates?: boolean | undefined; count?: "exact" | "planned" | "estimated" | undefined; } | undefined): PostgrestFilterBuilder<{ ...; }, ... 5 more ..., "POST">', gave the following error.
    Argument of type '{ user_address: any; last_active: string; presales_created: number; total_raised: string; }' is not assignable to parameter of type 'never'.
  Overload 2 of 2, '(values: never[], options?: { onConflict?: string | undefined; ignoreDuplicates?: boolean | undefined; count?: "exact" | "planned" | "estimated" | undefined; defaultToNull?: boolean | undefined; } | undefined): PostgrestFilterBuilder<...>', gave the following error.
    Object literal may only specify known properties, and 'user_address' does not exist in type 'never[]'.
src/app/api/create-presale/route.ts(95,29): error TS2339: Property 'creator_address' does not exist on type 'never'.
src/app/api/create-presale/route.ts(104,42): error TS2769: No overload matches this call.
  Overload 1 of 2, '(values: never, options?: { count?: "exact" | "planned" | "estimated" | undefined; } | undefined): PostgrestFilterBuilder<{ PostgrestVersion: "12"; }, never, never, null, "admin_actions", never, "POST">', gave the following error.
    Argument of type '{ action_type: string; performed_by: any; target_id: any; description: string; metadata: { contractAddress: any; transactionHash: any; chainId: any; hardCap: any; startDate: any; }; created_at: string; }' is not assignable to parameter of type 'never'.
  Overload 2 of 2, '(values: never[], options?: { count?: "exact" | "planned" | "estimated" | undefined; defaultToNull?: boolean | undefined; } | undefined): PostgrestFilterBuilder<{ PostgrestVersion: "12"; }, never, never, null, "admin_actions", never, "POST">', gave the following error.
    Object literal may only specify known properties, and 'action_type' does not exist in type 'never[]'.
src/app/api/create-presale/route.ts(106,29): error TS2339: Property 'creator_address' does not exist on type 'never'.
src/app/dashboard/page.tsx(216,25): error TS2339: Property 'benefits' does not exist on type '{ tier: string; allocation: number; color: string; }'.
src/app/dashboard/page.tsx(216,40): error TS7006: Parameter 'benefit' implicitly has an 'any' type.
src/app/dashboard/page.tsx(216,49): error TS7006: Parameter 'index' implicitly has an 'any' type.
src/app/debug/page.tsx(3,34): error TS2307: Cannot find module '@/components/debug/MetaMaskDebugger' or its corresponding type declarations.
src/app/debug/page.tsx(4,41): error TS2307: Cannot find module '@/components/debug/MetaMaskConnectionFixer' or its corresponding type declarations.
src/app/presale/[id]/page.tsx(95,29): error TS2339: Property 'hard_cap' does not exist on type '{}'.
src/app/presale/[id]/page.tsx(96,29): error TS2339: Property 'soft_cap' does not exist on type '{}'.
src/app/presale/[id]/page.tsx(97,28): error TS2339: Property 'total_raised' does not exist on type '{}'.
src/app/presale/[id]/page.tsx(98,42): error TS2339: Property 'total_raised' does not exist on type '{}'.
src/app/presale/[id]/page.tsx(98,74): error TS2339: Property 'hard_cap' does not exist on type '{}'.
src/app/presale/[id]/page.tsx(99,40): error TS2339: Property 'start_time' does not exist on type '{}'.
src/app/presale/[id]/page.tsx(100,38): error TS2339: Property 'end_time' does not exist on type '{}'.
src/app/presale/[id]/page.tsx(101,31): error TS2339: Property 'token_name' does not exist on type '{}'.
src/app/presale/[id]/page.tsx(102,33): error TS2339: Property 'token_symbol' does not exist on type '{}'.
src/app/presale/[id]/page.tsx(103,32): error TS2339: Property 'token_price' does not exist on type '{}'.
src/app/presale/[id]/page.tsx(104,37): error TS2339: Property 'min_contribution' does not exist on type '{}'.
src/app/presale/[id]/page.tsx(105,37): error TS2339: Property 'max_contribution' does not exist on type '{}'.
src/app/presale/[id]/page.tsx(106,38): error TS2339: Property 'liquidity_lock_months' does not exist on type '{}'.
src/app/presale/[id]/page.tsx(107,44): error TS2339: Property 'liquidity_percentage' does not exist on type '{}'.
src/app/presale/[id]/page.tsx(108,37): error TS2339: Property 'vesting_schedule' does not exist on type '{}'.
src/app/presale/[id]/page.tsx(109,33): error TS2339: Property 'total_supply' does not exist on type '{}'.
src/app/presale/[id]/page.tsx(110,35): error TS2339: Property 'total_supply' does not exist on type '{}'.
src/app/presale/[id]/page.tsx(111,37): error TS2339: Property 'contract_address' does not exist on type '{}'.
src/app/presale/[id]/page.tsx(112,33): error TS2339: Property 'audit_report' does not exist on type '{}'.
src/app/presale/[id]/page.tsx(113,33): error TS2339: Property 'kyc_documents' does not exist on type '{}'.
src/app/presale/[id]/page.tsx(113,55): error TS2339: Property 'kyc_documents' does not exist on type '{}'.
src/app/presale/[id]/page.tsx(114,32): error TS2339: Property 'milestones' does not exist on type '{}'.
src/components/admin/AdminPresaleReview.tsx(117,26): error TS2339: Property 'riskLevel' does not exist on type '{ id: string; projectName: string; tokenSymbol: string; submittedDate: string; submitterAddress: string; hardCap: string; softCap: string; liquidityLock: string; kycStatus: string; auditStatus: string; riskLevel: string; } | { ...; }'.
  Property 'riskLevel' does not exist on type '{ id: string; projectName: string; tokenSymbol: string; approvedDate: string; submitterAddress: string; hardCap: string; status: string; }'.
src/components/admin/AdminPresaleReview.tsx(117,60): error TS2339: Property 'riskLevel' does not exist on type '{ id: string; projectName: string; tokenSymbol: string; submittedDate: string; submitterAddress: string; hardCap: string; softCap: string; liquidityLock: string; kycStatus: string; auditStatus: string; riskLevel: string; } | { ...; }'.
  Property 'riskLevel' does not exist on type '{ id: string; projectName: string; tokenSymbol: string; approvedDate: string; submitterAddress: string; hardCap: string; status: string; }'.
src/components/admin/AdminPresaleReview.tsx(123,67): error TS2339: Property 'submittedDate' does not exist on type '{ id: string; projectName: string; tokenSymbol: string; submittedDate: string; submitterAddress: string; hardCap: string; softCap: string; liquidityLock: string; kycStatus: string; auditStatus: string; riskLevel: string; } | { ...; }'.
  Property 'submittedDate' does not exist on type '{ id: string; projectName: string; tokenSymbol: string; approvedDate: string; submitterAddress: string; hardCap: string; status: string; }'.
src/components/admin/AdminPresaleReview.tsx(123,92): error TS2339: Property 'approvedDate' does not exist on type '{ id: string; projectName: string; tokenSymbol: string; submittedDate: string; submitterAddress: string; hardCap: string; softCap: string; liquidityLock: string; kycStatus: string; auditStatus: string; riskLevel: string; } | { ...; }'.
  Property 'approvedDate' does not exist on type '{ id: string; projectName: string; tokenSymbol: string; submittedDate: string; submitterAddress: string; hardCap: string; softCap: string; liquidityLock: string; kycStatus: string; auditStatus: string; riskLevel: string; }'.
src/components/admin/AdminPresaleReview.tsx(142,45): error TS2339: Property 'kycStatus' does not exist on type '{ id: string; projectName: string; tokenSymbol: string; submittedDate: string; submitterAddress: string; hardCap: string; softCap: string; liquidityLock: string; kycStatus: string; auditStatus: string; riskLevel: string; } | { ...; }'.
  Property 'kycStatus' does not exist on type '{ id: string; projectName: string; tokenSymbol: string; approvedDate: string; submitterAddress: string; hardCap: string; status: string; }'.
src/components/admin/AdminPresaleReview.tsx(147,45): error TS2339: Property 'auditStatus' does not exist on type '{ id: string; projectName: string; tokenSymbol: string; submittedDate: string; submitterAddress: string; hardCap: string; softCap: string; liquidityLock: string; kycStatus: string; auditStatus: string; riskLevel: string; } | { ...; }'.
  Property 'auditStatus' does not exist on type '{ id: string; projectName: string; tokenSymbol: string; approvedDate: string; submitterAddress: string; hardCap: string; status: string; }'.
src/components/admin/AdminPresaleReview.tsx(152,72): error TS2339: Property 'liquidityLock' does not exist on type '{ id: string; projectName: string; tokenSymbol: string; submittedDate: string; submitterAddress: string; hardCap: string; softCap: string; liquidityLock: string; kycStatus: string; auditStatus: string; riskLevel: string; } | { ...; }'.
  Property 'liquidityLock' does not exist on type '{ id: string; projectName: string; tokenSymbol: string; approvedDate: string; submitterAddress: string; hardCap: string; status: string; }'.
src/components/create/CreatePresaleForm.test.tsx(2,18): error TS2305: Module '"@testing-library/react"' has no exported member 'screen'.
src/components/create/CreatePresaleForm.test.tsx(2,26): error TS2305: Module '"@testing-library/react"' has no exported member 'fireEvent'.
src/components/create/CreatePresaleForm.test.tsx(2,37): error TS2305: Module '"@testing-library/react"' has no exported member 'waitFor'.
src/components/create/CreatePresaleForm.test.tsx(7,1): error TS2708: Cannot use namespace 'jest' as a value.
src/components/create/CreatePresaleForm.test.tsx(14,1): error TS2708: Cannot use namespace 'jest' as a value.
src/components/create/CreatePresaleForm.test.tsx(15,6): error TS2708: Cannot use namespace 'jest' as a value.
src/components/create/CreatePresaleForm.test.tsx(17,20): error TS2708: Cannot use namespace 'jest' as a value.
src/components/create/CreatePresaleForm.test.tsx(26,1): error TS2708: Cannot use namespace 'jest' as a value.
src/components/create/CreatePresaleForm.test.tsx(28,11): error TS2708: Cannot use namespace 'jest' as a value.
src/components/create/CreatePresaleForm.test.tsx(33,1): error TS2708: Cannot use namespace 'jest' as a value.
src/components/create/CreatePresaleForm.test.tsx(45,1): error TS2708: Cannot use namespace 'jest' as a value.
src/components/create/CreatePresaleForm.test.tsx(57,1): error TS2708: Cannot use namespace 'jest' as a value.
src/components/create/CreatePresaleForm.test.tsx(69,1): error TS2708: Cannot use namespace 'jest' as a value.
src/components/create/CreatePresaleForm.test.tsx(82,28): error TS2708: Cannot use namespace 'jest' as a value.
src/components/create/CreatePresaleForm.test.tsx(91,5): error TS2304: Cannot find name 'expect'.
src/components/create/CreatePresaleForm.test.tsx(92,5): error TS2304: Cannot find name 'expect'.
src/components/create/CreatePresaleForm.test.tsx(105,5): error TS2304: Cannot find name 'expect'.
src/components/create/CreatePresaleForm.test.tsx(109,5): error TS2304: Cannot find name 'expect'.
src/components/create/CreatePresaleForm.test.tsx(116,5): error TS2304: Cannot find name 'expect'.
src/components/create/CreatePresaleForm.test.tsx(120,5): error TS2304: Cannot find name 'expect'.
src/components/create/CreatePresaleForm.test.tsx(127,5): error TS2304: Cannot find name 'expect'.
src/components/create/CreatePresaleForm.test.tsx(131,5): error TS2304: Cannot find name 'expect'.
src/components/create/CreatePresaleForm.test.tsx(138,5): error TS2304: Cannot find name 'expect'.
src/components/create/CreatePresaleForm.test.tsx(142,5): error TS2304: Cannot find name 'expect'.
src/components/create/CreatePresaleForm.test.tsx(145,5): error TS2304: Cannot find name 'expect'.
src/components/create/CreatePresaleForm.test.tsx(152,5): error TS2304: Cannot find name 'expect'.
src/components/create/CreatePresaleForm.test.tsx(180,25): error TS2304: Cannot find name 'expect'.
src/components/create/CreatePresaleForm.test.tsx(185,25): error TS2304: Cannot find name 'expect'.
src/components/create/CreatePresaleForm.test.tsx(190,25): error TS2304: Cannot find name 'expect'.
src/components/create/CreatePresaleForm.test.tsx(196,7): error TS2304: Cannot find name 'expect'.
src/components/create/CreatePresaleForm.test.tsx(200,5): error TS2304: Cannot find name 'expect'.
src/components/create/CreatePresaleForm.test.tsx(201,5): error TS2304: Cannot find name 'expect'.
src/components/create/CreatePresaleForm.test.tsx(202,5): error TS2304: Cannot find name 'expect'.
src/components/create/CreatePresaleForm.test.tsx(203,5): error TS2304: Cannot find name 'expect'.
src/components/debug/WalletDetector.tsx(42,40): error TS2339: Property 'isOkxWallet' does not exist on type '{ isMetaMask?: boolean | undefined; isTrust?: boolean | undefined; isCoinbaseWallet?: boolean | undefined; providers?: { isMetaMask?: boolean | undefined; isTrust?: boolean | undefined; isCoinbaseWallet?: boolean | undefined; request: (args: { ...; }) => Promise<...>; }[] | undefined; request: (args: { ...; }) => Pr...'.
src/components/debug/WalletDetector.tsx(44,44): error TS2339: Property 'selectedAddress' does not exist on type '{ isMetaMask?: boolean | undefined; isTrust?: boolean | undefined; isCoinbaseWallet?: boolean | undefined; providers?: { isMetaMask?: boolean | undefined; isTrust?: boolean | undefined; isCoinbaseWallet?: boolean | undefined; request: (args: { ...; }) => Promise<...>; }[] | undefined; request: (args: { ...; }) => Pr...'.
src/components/providers/SimpleWeb3Provider.tsx(102,19): error TS2551: Property 'isConnected' does not exist on type '{ isPhantom?: boolean | undefined; connect: () => Promise<{ publicKey: any; }>; disconnect: () => Promise<void>; on: (event: string, callback: (data: any) => void) => void; }'. Did you mean 'disconnect'?
src/components/providers/SimpleWeb3Provider.tsx(103,48): error TS2554: Expected 0 arguments, but got 1.
src/components/providers/SimpleWeb3Provider.tsx(221,9): error TS18048: 'window.ethereum' is possibly 'undefined'.
src/components/providers/SimpleWeb3Provider.tsx(222,9): error TS18048: 'window.ethereum' is possibly 'undefined'.
src/components/providers/Web3ModalProvider.tsx(42,3): error TS2322: Type 'boolean | ""' is not assignable to type 'boolean | undefined'.
  Type '""' is not assignable to type 'boolean | undefined'.
src/components/providers/Web3ModalProvider.tsx(47,19): error TS2304: Cannot find name 'http'.
src/components/providers/Web3ModalProvider.tsx(48,15): error TS2304: Cannot find name 'http'.
src/components/providers/Web3ModalProvider.tsx(49,19): error TS2304: Cannot find name 'http'.
src/components/providers/Web3ModalProvider.tsx(50,20): error TS2304: Cannot find name 'http'.
src/components/providers/Web3ModalProvider.tsx(51,16): error TS2304: Cannot find name 'http'.
src/components/ui/SimpleWalletConnection.tsx(4,24): error TS1149: File name 'C:/Users/aboes/noblepad/src/components/ui/button.tsx' differs from already included file name 'C:/Users/aboes/noblepad/src/components/ui/Button.tsx' only in casing.
  The file is in the program because:
    Imported via '@/components/ui/Button' from file 'C:/Users/aboes/noblepad/src/components/ui/WalletConnection.tsx'
    Imported via '@/components/ui/Button' from file 'C:/Users/aboes/noblepad/src/components/sections/HeroSection.tsx'
    Imported via '@/components/ui/Button' from file 'C:/Users/aboes/noblepad/src/components/presale/PresaleCard.tsx'
    Imported via '@/components/ui/Button' from file 'C:/Users/aboes/noblepad/src/components/sections/PresalePreview.tsx'
    Imported via '@/components/ui/Button' from file 'C:/Users/aboes/noblepad/src/components/admin/AdminPresaleReview.tsx'
    Imported via '@/components/ui/Button' from file 'C:/Users/aboes/noblepad/src/components/admin/AdminNavigation.tsx'
    Imported via '@/components/ui/Button' from file 'C:/Users/aboes/noblepad/src/app/agent-monitor/page.tsx'
    Imported via '@/components/ui/Button' from file 'C:/Users/aboes/noblepad/src/components/create/CreatePresaleForm.tsx'
    Imported via '@/components/ui/Button' from file 'C:/Users/aboes/noblepad/src/components/create/steps/MilestoneTemplateStep.tsx'
    Imported via '@/components/ui/Button' from file 'C:/Users/aboes/noblepad/src/components/create/steps/PresaleSetupStep.tsx'
    Imported via '@/components/ui/Button' from file 'C:/Users/aboes/noblepad/src/components/create/steps/SecurityReviewStep.tsx'
    Imported via '@/components/ui/Button' from file 'C:/Users/aboes/noblepad/src/components/create/steps/TokenDetailsStep.tsx'
    Imported via '@/components/ui/Button' from file 'C:/Users/aboes/noblepad/src/components/test/PresaleCreationTest.tsx'
    Imported via '@/components/ui/Button' from file 'C:/Users/aboes/noblepad/src/app/dashboard/page.tsx'
    Imported via '@/components/ui/Button' from file 'C:/Users/aboes/noblepad/src/components/debug/WalletDetector.tsx'
    Imported via '@/components/ui/Button' from file 'C:/Users/aboes/noblepad/src/components/debug/ManualMetaMaskConnector.tsx'
    Imported via '@/components/ui/Button' from file 'C:/Users/aboes/noblepad/src/components/presale/MilestoneDashboard.tsx'
    Imported via '@/components/ui/Button' from file 'C:/Users/aboes/noblepad/src/components/presale/PresaleCommitment.tsx'
    Imported via '@/components/ui/Button' from file 'C:/Users/aboes/noblepad/src/components/presale/PresaleDetail.tsx'
    Imported via '@/components/ui/Button' from file 'C:/Users/aboes/noblepad/src/components/presale/PresaleInfo.tsx'
    Imported via '@/components/ui/Button' from file 'C:/Users/aboes/noblepad/src/app/presale/[id]/page.tsx'
    Imported via '@/components/ui/Button' from file 'C:/Users/aboes/noblepad/src/components/presale/PresaleFilters.tsx'
    Imported via '@/components/ui/Button' from file 'C:/Users/aboes/noblepad/src/app/real-progress/page.tsx'
    Imported via '@/components/ui/Button' from file 'C:/Users/aboes/noblepad/src/app/staking/page.tsx'
    Imported via '@/components/ui/Button' from file 'C:/Users/aboes/noblepad/src/components/locks/CreateTokenLock.tsx'
    Imported via '@/components/ui/Button' from file 'C:/Users/aboes/noblepad/src/components/locks/TokenLockManager.tsx'
    Matched by include pattern '**/*.tsx' in 'C:/Users/aboes/noblepad/tsconfig.json'
    Imported via './button' from file 'C:/Users/aboes/noblepad/src/components/ui/SimpleWalletConnection.tsx'
    Imported via '@/components/ui/Button' from file 'C:/Users/aboes/noblepad/src/components/web3/ConnectWallet.tsx'
src/components/web3/ConnectWallet.tsx(68,49): error TS2339: Property 'message' does not exist on type '{}'.
src/lib/api.ts(24,5): error TS7053: Element implicitly has an 'any' type because expression of type '"Authorization"' can't be used to index type '{ 'Content-Type': string; apikey: string; } | { 'Content-Type': string; apikey: string; } | { length: number; toString(): string; toLocaleString(): string; toLocaleString(locales: string | string[], options?: (NumberFormatOptions & DateTimeFormatOptions) | undefined): string; ... 39 more ...; apikey: string; } | { ....'.
  Property 'Authorization' does not exist on type '{ 'Content-Type': string; apikey: string; } | { 'Content-Type': string; apikey: string; } | { length: number; toString(): string; toLocaleString(): string; toLocaleString(locales: string | string[], options?: (NumberFormatOptions & DateTimeFormatOptions) | undefined): string; ... 39 more ...; apikey: string; } | { ....'.
src/lib/presaleService.ts(386,22): error TS2339: Property 'id' does not exist on type 'never'.
src/lib/presaleService.ts(400,33): error TS2339: Property 'id' does not exist on type 'never'.
src/lib/presaleService.ts(434,13): error TS2739: Type 'PostgrestFilterBuilder<{ PostgrestVersion: "12"; }, never, never, null, "presale_timeline", never, "POST">' is missing the following properties from type 'Promise<{ data: unknown; error: any; }>': catch, finally, [Symbol.toStringTag]
src/lib/supabaseClient.ts(137,13): error TS2739: Type 'PostgrestFilterBuilder<{ PostgrestVersion: "12"; }, never, never, null, "user_sessions", never, "POST">' is missing the following properties from type 'Promise<{ data: unknown; error: any; }>': catch, finally, [Symbol.toStringTag]
src/lib/supabaseClient.ts(139,17): error TS2769: No overload matches this call.
  Overload 1 of 2, '(values: never, options?: { onConflict?: string | undefined; ignoreDuplicates?: boolean | undefined; count?: "exact" | "planned" | "estimated" | undefined; } | undefined): PostgrestFilterBuilder<{ ...; }, ... 5 more ..., "POST">', gave the following error.
    Argument of type '{ id?: string | undefined; user_address: string; last_active: string; presales_created?: number | undefined; total_raised?: string | undefined; total_locked?: string | undefined; notification_preferences?: Json | undefined; created_at?: string | undefined; updated_at?: string | undefined; }' is not assignable to parameter of type 'never'.
  Overload 2 of 2, '(values: never[], options?: { onConflict?: string | undefined; ignoreDuplicates?: boolean | undefined; count?: "exact" | "planned" | "estimated" | undefined; defaultToNull?: boolean | undefined; } | undefined): PostgrestFilterBuilder<...>', gave the following error.
    Argument of type '{ id?: string | undefined; user_address: string; last_active: string; presales_created?: number | undefined; total_raised?: string | undefined; total_locked?: string | undefined; notification_preferences?: Json | undefined; created_at?: string | undefined; updated_at?: string | undefined; }' is not assignable to parameter of type 'never[]'.
      Type '{ id?: string | undefined; user_address: string; last_active: string; presales_created?: number | undefined; total_raised?: string | undefined; total_locked?: string | undefined; notification_preferences?: Json | undefined; created_at?: string | undefined; updated_at?: string | undefined; }' is missing the following properties from type 'never[]': length, pop, push, concat, and 35 more.
src/lib/supabaseClient.ts(159,29): error TS2339: Property 'last_active' does not exist on type '{}'.
src/lib/supabaseClient.ts(160,68): error TS2339: Property 'hard_cap' does not exist on type 'never'.
src/lib/supabaseClient.ts(167,13): error TS2739: Type 'PostgrestFilterBuilder<{ PostgrestVersion: "12"; }, never, never, never[], "presales", never, "GET">' is missing the following properties from type 'Promise<{ data: never[] | null; error: any; }>': catch, finally, [Symbol.toStringTag]
src/lib/supabaseClient.ts(180,13): error TS2739: Type 'PostgrestBuilder<{ PostgrestVersion: "12"; }, never, false>' is missing the following properties from type 'Promise<{ data: unknown; error: any; }>': catch, finally, [Symbol.toStringTag]
src/lib/supabaseClient.ts(192,13): error TS2739: Type 'PostgrestFilterBuilder<{ PostgrestVersion: "12"; }, never, never, never[], "token_locks", never, "GET">' is missing the following properties from type 'Promise<{ data: never[] | null; error: any; }>': catch, finally, [Symbol.toStringTag]
src/lib/supabaseClient.ts(205,13): error TS2739: Type 'PostgrestBuilder<{ PostgrestVersion: "12"; }, never, false>' is missing the following properties from type 'Promise<{ data: unknown; error: any; }>': catch, finally, [Symbol.toStringTag]
src/lib/supabaseClient.ts(217,13): error TS2739: Type 'PostgrestFilterBuilder<{ PostgrestVersion: "12"; }, never, never, never[], "presales", never, "GET">' is missing the following properties from type 'Promise<{ data: never[] | null; error: any; }>': catch, finally, [Symbol.toStringTag]
src/lib/supabaseClient.ts(233,13): error TS2739: Type 'PostgrestFilterBuilder<{ PostgrestVersion: "12"; }, never, never, never[], "token_lock_stats", never, "GET">' is missing the following properties from type 'Promise<{ data: never[] | null; error: any; }>': catch, finally, [Symbol.toStringTag]
src/lib/supabaseClient.ts(295,59): error TS2339: Property 'error' does not exist on type 'StorageError'.
src/lib/tokenLockService.ts(141,40): error TS2345: Argument of type 'number' is not assignable to parameter of type 'string'.
src/lib/tokenLockService.ts(179,30): error TS2339: Property 'beneficiary_address' does not exist on type 'never'.
src/lib/tokenLockService.ts(185,27): error TS2339: Property 'lock_type' does not exist on type 'never'.
src/lib/tokenLockService.ts(187,34): error TS2339: Property 'transaction_hash' does not exist on type 'never'.
src/lib/tokenLockService.ts(188,28): error TS2339: Property 'created_at' does not exist on type 'never'.
src/lib/tokenLockService.ts(247,17): error TS2345: Argument of type '{ status: string; unlocked_at: string; unlock_transaction: any; }' is not assignable to parameter of type 'never'.
src/lib/tokenLockService.ts(282,60): error TS2339: Property 'lock_id' does not exist on type 'never'.
src/lib/tokenLockService.ts(284,22): error TS2339: Property 'lock_id' does not exist on type 'never'.
src/lib/tokenLockService.ts(285,25): error TS2339: Property 'token_address' does not exist on type 'never'.
src/lib/tokenLockService.ts(286,25): error TS2339: Property 'owner_address' does not exist on type 'never'.
src/lib/tokenLockService.ts(287,31): error TS2339: Property 'beneficiary_address' does not exist on type 'never'.
src/lib/tokenLockService.ts(288,33): error TS2339: Property 'amount' does not exist on type 'never'.
src/lib/tokenLockService.ts(289,55): error TS2339: Property 'created_at' does not exist on type 'never'.
src/lib/tokenLockService.ts(290,57): error TS2339: Property 'unlock_time' does not exist on type 'never'.
src/lib/tokenLockService.ts(291,27): error TS2339: Property 'status' does not exist on type 'never'.
src/lib/tokenLockService.ts(292,31): error TS2339: Property 'description' does not exist on type 'never'.
src/lib/tokenLockService.ts(293,28): error TS2339: Property 'lock_type' does not exist on type 'never'.
src/lib/tokenLockService.ts(294,27): error TS2339: Property 'chain_id' does not exist on type 'never'.
src/lib/tokenLockService.ts(295,35): error TS2339: Property 'transaction_hash' does not exist on type 'never'.
src/lib/tokenLockService.ts(296,29): error TS2339: Property 'created_at' does not exist on type 'never'.
src/lib/tokenLockService.ts(320,25): error TS2339: Property 'percentage' does not exist on type 'never'.
src/lib/tokenLockService.ts(321,45): error TS2339: Property 'unlock_time' does not exist on type 'never'.
src/lib/tokenLockService.ts(322,26): error TS2339: Property 'description' does not exist on type 'never'.
src/lib/tokenLockService.ts(323,22): error TS2339: Property 'claimed' does not exist on type 'never'.
src/lib/tokenLockService.ts(324,28): error TS2339: Property 'amount' does not exist on type 'never'.
src/lib/tokenLockService.ts(441,15): error TS2769: No overload matches this call.
  Overload 1 of 2, '(values: never, options?: { count?: "exact" | "planned" | "estimated" | undefined; } | undefined): PostgrestFilterBuilder<{ PostgrestVersion: "12"; }, never, never, null, "token_locks", never, "POST">', gave the following error.
    Argument of type '{ id?: string | undefined; lock_id: number; chain_id: number; token_address: string; token_name?: string | null | undefined; token_symbol?: string | null | undefined; token_decimals?: number | undefined; ... 12 more ...; unlocked_at?: string | ... 1 more ... | undefined; }' is not assignable to parameter of type 'never'.
  Overload 2 of 2, '(values: never[], options?: { count?: "exact" | "planned" | "estimated" | undefined; defaultToNull?: boolean | undefined; } | undefined): PostgrestFilterBuilder<{ PostgrestVersion: "12"; }, never, never, null, "token_locks", never, "POST">', gave the following error.
    Argument of type '{ id?: string | undefined; lock_id: number; chain_id: number; token_address: string; token_name?: string | null | undefined; token_symbol?: string | null | undefined; token_decimals?: number | undefined; ... 12 more ...; unlocked_at?: string | ... 1 more ... | undefined; }' is not assignable to parameter of type 'never[]'.
      Type '{ id?: string | undefined; lock_id: number; chain_id: number; token_address: string; token_name?: string | null | undefined; token_symbol?: string | null | undefined; token_decimals?: number | undefined; ... 12 more ...; unlocked_at?: string | ... 1 more ... | undefined; }' is missing the following properties from type 'never[]': length, pop, push, concat, and 35 more.
src/lib/tokenLockService.ts(449,17): error TS2339: Property 'id' does not exist on type 'never'.
src/lib/tokenLockService.ts(477,15): error TS2769: No overload matches this call.
  Overload 1 of 2, '(values: never, options?: { count?: "exact" | "planned" | "estimated" | undefined; } | undefined): PostgrestFilterBuilder<{ PostgrestVersion: "12"; }, never, never, null, "token_vesting", never, "POST">', gave the following error.
    Argument of type '{ id?: string | undefined; lock_id: string; period_index: number; percentage: string; amount: string; unlock_time: string; description?: string | null | undefined; claimed?: boolean | undefined; claim_transaction?: string | ... 1 more ... | undefined; claimed_at?: string | ... 1 more ... | undefined; created_at?: st...' is not assignable to parameter of type 'never'.
  Overload 2 of 2, '(values: never[], options?: { count?: "exact" | "planned" | "estimated" | undefined; defaultToNull?: boolean | undefined; } | undefined): PostgrestFilterBuilder<{ PostgrestVersion: "12"; }, never, never, null, "token_vesting", never, "POST">', gave the following error.
    Argument of type '{ id?: string | undefined; lock_id: string; period_index: number; percentage: string; amount: string; unlock_time: string; description?: string | null | undefined; claimed?: boolean | undefined; claim_transaction?: string | ... 1 more ... | undefined; claimed_at?: string | ... 1 more ... | undefined; created_at?: st...' is not assignable to parameter of type 'never[]'.
      Type '{ id?: string | undefined; lock_id: string; period_index: number; percentage: string; amount: string; unlock_time: string; description?: string | null | undefined; claimed?: boolean | undefined; claim_transaction?: string | ... 1 more ... | undefined; claimed_at?: string | ... 1 more ... | undefined; created_at?: st...' is not assignable to type 'never'.
src/lib/tokenLockService.ts(491,13): error TS2739: Type 'PostgrestFilterBuilder<{ PostgrestVersion: "12"; }, never, never, null, "token_lock_events", never, "POST">' is missing the following properties from type 'Promise<{ data: unknown; error: any; }>': catch, finally, [Symbol.toStringTag]
src/lib/tokenLockService.ts(493,10): error TS2769: No overload matches this call.
  Overload 1 of 2, '(values: never, options?: { count?: "exact" | "planned" | "estimated" | undefined; } | undefined): PostgrestFilterBuilder<{ PostgrestVersion: "12"; }, never, never, null, "token_lock_events", never, "POST">', gave the following error.
    Argument of type '{ lock_id: string; event_type: string; event_data: any; transaction_hash: string | undefined; user_address: string | undefined; }' is not assignable to parameter of type 'never'.
  Overload 2 of 2, '(values: never[], options?: { count?: "exact" | "planned" | "estimated" | undefined; defaultToNull?: boolean | undefined; } | undefined): PostgrestFilterBuilder<{ PostgrestVersion: "12"; }, never, never, null, "token_lock_events", never, "POST">', gave the following error.
    Object literal may only specify known properties, and 'lock_id' does not exist in type 'never[]'.
src/lib/tokenUtils.ts(3,10): error TS2305: Module '"@/types/contracts/TokenFactory"' has no exported member 'TokenInfo'.
src/lib/xrpl/xamanService.ts(103,17): error TS2322: Type 'Promise<string | undefined>' is not assignable to type 'string'.
src/utils/walletDebug.ts(12,40): error TS2339: Property 'selectedAddress' does not exist on type '{ isMetaMask?: boolean | undefined; isTrust?: boolean | undefined; isCoinbaseWallet?: boolean | undefined; providers?: { isMetaMask?: boolean | undefined; isTrust?: boolean | undefined; isCoinbaseWallet?: boolean | undefined; request: (args: { ...; }) => Promise<...>; }[] | undefined; request: (args: { ...; }) => Pr...'.
src/utils/walletDebug.ts(13,36): error TS2339: Property 'isConnected' does not exist on type '{ isMetaMask?: boolean | undefined; isTrust?: boolean | undefined; isCoinbaseWallet?: boolean | undefined; providers?: { isMetaMask?: boolean | undefined; isTrust?: boolean | undefined; isCoinbaseWallet?: boolean | undefined; request: (args: { ...; }) => Promise<...>; }[] | undefined; request: (args: { ...; }) => Pr...'.
src/utils/walletDebug.ts(14,39): error TS2339: Property 'networkVersion' does not exist on type '{ isMetaMask?: boolean | undefined; isTrust?: boolean | undefined; isCoinbaseWallet?: boolean | undefined; providers?: { isMetaMask?: boolean | undefined; isTrust?: boolean | undefined; isCoinbaseWallet?: boolean | undefined; request: (args: { ...; }) => Promise<...>; }[] | undefined; request: (args: { ...; }) => Pr...'.
src/utils/walletDebug.ts(15,32): error TS2339: Property 'chainId' does not exist on type '{ isMetaMask?: boolean | undefined; isTrust?: boolean | undefined; isCoinbaseWallet?: boolean | undefined; providers?: { isMetaMask?: boolean | undefined; isTrust?: boolean | undefined; isCoinbaseWallet?: boolean | undefined; request: (args: { ...; }) => Promise<...>; }[] | undefined; request: (args: { ...; }) => Pr...'.
