node.exe : FAIL src
/lib/__tests__/gove
rnanceService.test.
ts
At C:\Program Files
\nodejs\npx.ps1:29 
char:3
+   & $NODE_EXE $NP
X_CLI_JS $args
+   ~~~~~~~~~~~~~~~
~~~~~~~~~~~~~~
    + CategoryInfo 
             : No  
  tSpecified: (F   
 AIL src/lib/__    
...Service.tes    t
.ts:String) [    ],
 RemoteExcep    tio
n
    + FullyQualifi 
   edErrorId : Na  
  tiveCommandErr   
 or
 
  Governance Servic
e
    getVoteWeight
      ├ù should ret
urn correct weights
 for each tier (2 m
s)
    castMilestoneVo
te
      ├ù should all
ow valid participan
t to vote (5 ms)
      ├ù should rej
ect voter not in sn
apshot (1 ms)
      ÔêÜ should re
ject voter with no 
voting power (1 ms)
    tallyMilestoneV
otes
      ├ù should cor
rectly tally mixed 
votes (1 ms)
      ├ù should fai
l if threshold not 
met (1 ms)

  ÔùÅ Governance Se
rvice ÔÇ║ getVoteWe
ight ÔÇ║ should ret
urn correct weights
 for each tier

    TypeError: (0 ,
 _governanceService
.getVoteWeight) is 
not a function

    [0m [90m 36 |
[39m     describe(
[32m'getVoteWeight
'[39m[33m,[39m (
) [33m=>[39m {
     [90m 37 |[39
m         it([32m'
should return corre
ct weights for each
 tier'[39m[33m,[
39m () [33m=>[39m
 {
    [31m[1m>[22m
[39m[90m 38 |[39
m             expec
t(getVoteWeight([3
2m'GOLD'[39m))[33
m.[39mtoBe([35m3
[39m)[33m;[39m
     [90m    |[39
m                  
               [31
m[1m^[22m[39m
     [90m 39 |[39
m             expec
t(getVoteWeight([3
2m'SILVER'[39m))[
33m.[39mtoBe([35m
2[39m)[33m;[39m
     [90m 40 |[39
m             expec
t(getVoteWeight([3
2m'BRONZE'[39m))[
33m.[39mtoBe([35m
1[39m)[33m;[39m
     [90m 41 |[39
m             expec
t(getVoteWeight([3
2m'NONE'[39m))[33
m.[39mtoBe([35m0
[39m)[33m;[39m[0
m

      at Object.<an
onymous> (src/lib/_
_tests__/governance
Service.test.ts:38:
33)

  ÔùÅ Governance Se
rvice ÔÇ║ castMiles
toneVote ÔÇ║ should
 allow valid partic
ipant to vote

    expect(received
).toBe(expected) //
 Object.is equality

    Expected: 3
    Received: undef
ined

    [0m [90m 49 |
[39m             e
xpect(result[33m.
[39msuccess)[33m.
[39mtoBe([36mtrue
[39m)[33m;[39m
     [90m 50 |[39
m             expec
t(result[33m.[39m
voteRecord)[33m.[
39mtoBeDefined()[3
3m;[39m
    [31m[1m>[22m
[39m[90m 51 |[39
m             expec
t(result[33m.[39m
voteRecord[33m?[3
9m[33m.[39mweight
)[33m.[39mtoBe([
35m3[39m)[33m;[3
9m
     [90m    |[39
m                  
                   
          [31m[1m
^[22m[39m
     [90m 52 |[39
m             expec
t(result[33m.[39m
voteRecord[33m?[3
9m[33m.[39mtier)
[33m.[39mtoBe([32
m'GOLD'[39m)[33m;
[39m
     [90m 53 |[39
m             expec
t(result[33m.[39m
voteRecord[33m?[3
9m[33m.[39mvote)
[33m.[39mtoBe([32
m'approve'[39m)[3
3m;[39m
     [90m 54 |[39
m         })[33m;
[39m[0m

      at Object.toB
e (src/lib/__tests_
_/governanceService
.test.ts:51:47)

  ÔùÅ Governance Se
rvice ÔÇ║ castMiles
toneVote ÔÇ║ should
 reject voter not i
n snapshot

    expect(received
).toContain(expecte
d) // indexOf

    Expected substr
ing: "not found in 
snapshot"
    Received string
:    "Wallet not el
igible to vote (not
 in tier snapshot)"

    [0m [90m 58 |
[39m
     [90m 59 |[39
m             expec
t(result[33m.[39m
success)[33m.[39m
toBe([36mfalse[39
m)[33m;[39m
    [31m[1m>[22m
[39m[90m 60 |[39
m             expec
t(result[33m.[39m
error)[33m.[39mto
Contain([32m'not f
ound in snapshot'[
39m)[33m;[39m
     [90m    |[39
m                  
                [3
1m[1m^[22m[39m
     [90m 61 |[39
m         })[33m;
[39m
     [90m 62 |[39
m
     [90m 63 |[39
m         it([32m'
should reject voter
 with no voting pow
er'[39m[33m,[39m
 [36masync[39m ()
 [33m=>[39m {[0m

      at Object.toC
ontain (src/lib/__t
ests__/governanceSe
rvice.test.ts:60:34
)

  ÔùÅ Governance Se
rvice ÔÇ║ tallyMile
stoneVotes ÔÇ║ shou
ld correctly tally 
mixed votes

    expect(received
).toBe(expected) //
 Object.is equality

    Expected: 7
    Received: undef
ined

    [0m [90m 89 |
[39m
     [90m 90 |[39
m             expec
t(tally[33m.[39mt
otalVotes)[33m.[3
9mtoBe([35m4[39m)
[33m;[39m
    [31m[1m>[22m
[39m[90m 91 |[39
m             expec
t(tally[33m.[39mt
otalWeight)[33m.[
39mtoBe([35m7[39m
)[33m;[39m
     [90m    |[39
m                  
                   
  [31m[1m^[22m[
39m
     [90m 92 |[39
m             expec
t(tally[33m.[39ma
pproveWeight)[33m.
[39mtoBe([35m5[3
9m)[33m;[39m
     [90m 93 |[39
m             expec
t(tally[33m.[39mr
ejectWeight)[33m.
[39mtoBe([35m2[39
m)[33m;[39m
     [90m 94 |[39
m             expec
t(tally[33m.[39ma
pprovalPercentage)
[33m.[39mtoBeClose
To([35m71.42[39m
[33m,[39m [35m1[
39m)[33m;[39m[0m

      at Object.toB
e (src/lib/__tests_
_/governanceService
.test.ts:91:39)

  ÔùÅ Governance Se
rvice ÔÇ║ tallyMile
stoneVotes ÔÇ║ shou
ld fail if threshol
d not met

    expect(received
).toBe(expected) //
 Object.is equality

    Expected: false
    Received: undef
ined

    [0m [90m 108 
|[39m
     [90m 109 |[3
9m             [36
mconst[39m tally 
[33m=[39m tallyMil
estoneVotes([32m'm
1'[39m[33m,[39m 
votes[33m,[39m sn
apshot[33m,[39m 
[35m0.66[39m)[33m
;[39m
    [31m[1m>[22m
[39m[90m 110 |[3
9m             expe
ct(tally[33m.[39m
approved)[33m.[39
mtoBe([36mfalse[3
9m)[33m;[39m
     [90m     |[3
9m                 
                   
[31m[1m^[22m[39
m
     [90m 111 |[3
9m         })[33m;
[39m
     [90m 112 |[3
9m     })[33m;[39
m
     [90m 113 |[3
9m })[33m;[39m[0
m

      at Object.toB
e (src/lib/__tests_
_/governanceService
.test.ts:110:36)

Test Suites: 1 fail
ed, 1 total
Tests:       5 fail
ed, 1 passed, 6 tot
al
Snapshots:   0 tota
l
Time:        0.419 
s, estimated 1 s
Ran all test suites
 matching src/lib/_
_tests__/governance
Service.test.ts.
